// Jest Snapshot v1, https://goo.gl/fbAQLP

exports[`Link component Link snapshot 1`] = `
<DocumentFragment>
  <a
    href="http://test.url"
  >
    http://xmlns.com/foaf/0.1/homepage
  </a>
</DocumentFragment>
`;

exports[`Link component When getUrlOne returns null, should throw an error 1`] = `"URL not found for given property"`;
