// Jest Snapshot v1, https://goo.gl/fbAQLP

exports[`Testing SessionContext matches snapshot 1`] = `
<body>
  <div>
    <div>
      <div
        data-testid="session"
      >
        {"info":{"isLoggedIn":true,"webId":"https://fakeurl.com/me"}}
      </div>
      <button
        type="button"
      >
        Login
      </button>
      <button
        data-testid="logout"
        type="button"
      >
        Logout
      </button>
      <p
        data-testid="profile"
      >
        No profile found
      </p>
    </div>
  </div>
</body>
`;

exports[`Testing SessionContext matches snapshot without optional sessionId 1`] = `
<body>
  <div>
    <div>
      <div
        data-testid="session"
      >
        {"info":{"isLoggedIn":true,"webId":"https://fakeurl.com/me"}}
      </div>
      <button
        type="button"
      >
        Login
      </button>
      <button
        data-testid="logout"
        type="button"
      >
        Logout
      </button>
      <p
        data-testid="profile"
      >
        No profile found
      </p>
    </div>
  </div>
</body>
`;
