// Jest Snapshot v1, https://goo.gl/fbAQLP

exports[`Testing SessionContext matches snapshot matches snapshot 1`] = `
<body>
  <div>
    <div>
      <div
        data-testid="session"
      >
        {"info":{"isLoggedIn":true,"webId":"https://fakeurl.com/me"}}
      </div>
      <button
        type="button"
      >
        Login
      </button>
      <button
        type="button"
      >
        Logout
      </button>
    </div>
  </div>
</body>
`;
